main.c:265:1:__io_putchar	16	static
main.c:279:5:main	16	static
main.c:711:6:SystemClock_Config	88	static
main.c:755:13:MX_ADC1_Init	24	static
main.c:813:13:MX_TIM1_Init	56	static
main.c:863:13:MX_TIM2_Init	56	static
main.c:912:13:MX_TIM3_Init	56	static
main.c:961:13:MX_TIM4_Init	56	static
main.c:1010:13:MX_TIM5_Init	64	static
main.c:1069:13:MX_TIM6_Init	16	static
main.c:1107:13:MX_TIM7_Init	16	static
main.c:1145:13:MX_TIM8_Init	56	static
main.c:1195:13:MX_TIM9_Init	56	static
main.c:1251:13:MX_TIM10_Init	40	static
main.c:1297:13:MX_TIM11_Init	40	static
main.c:1343:13:MX_TIM12_Init	56	static
main.c:1395:13:MX_TIM13_Init	40	static
main.c:1441:13:MX_TIM14_Init	40	static
main.c:1487:13:MX_USART3_UART_Init	8	static
main.c:1520:13:MX_GPIO_Init	64	static
main.c:1642:6:HAL_TIM_PeriodElapsedCallback	16	static
main.c:1921:6:readEncoder	8	static
main.c:1977:6:calEncoder	16	static
main.c:2499:6:enable	16	static
main.c:2655:6:set	8	static
main.c:2677:6:lin_reset	4	static
main.c:2681:6:encoder_reset	4	static
main.c:2706:8:lin_motor_Down	16	static
main.c:2734:8:lin_motor_Up	16	static
main.c:2761:8:lin_motor_init_en	4	static
main.c:2778:11:mmToPulse	16	static
main.c:2783:8:walker_hold	8	static
main.c:2788:8:walker_release	8	static
main.c:2794:8:stage_PUSH	8	static
main.c:2812:8:stage_PULL	8	static
main.c:2843:8:new_pwm_en	16	static
main.c:2870:8:new_pwm_stop	16	static
main.c:2897:8:new_pwm_set	16	static
main.c:2915:8:new_delay_cal	40	static
main.c:2927:8:calibration_4	16	static
main.c:2959:8:new_standing_method	24	static
main.c:3005:8:runway_Up	8	static
main.c:3015:8:runway_Down	8	static
main.c:3039:8:Error_Handler	4	static,ignoring_inline_asm
